// Jest Snapshot v1, https://goo.gl/fbAQLP

exports[`ComponentsHeading should render successfully 1`] = `
<div>
  <h1
    class="font-bold text-2xl text-blue-500"
  >
    Hello
  </h1>
</div>
`;
