// Jest Snapshot v1, https://goo.gl/fbAQLP

exports[`ComponentsPageWrapper should render successfully 1`] = `
<div>
  <div
    class="flex flex-col gap-4"
  >
    <h1>
      Hello World
    </h1>
  </div>
</div>
`;
